[bulk-sim] patched inkable on 653 card printings
[bulk-sim] Core Constructed filter: sets 9–12
[bulk-sim] matrix: 9 counters × 2 toys × 250 games
[counter-amber-amethyst vs toys-ar-classic] 50/250  A_wins=20/50
[counter-amber-amethyst vs toys-ar-classic] 100/250  A_wins=41/100
[counter-amber-amethyst vs toys-ar-classic] 150/250  A_wins=65/150
[counter-amber-amethyst vs toys-ar-classic] 200/250  A_wins=85/200
[counter-amber-amethyst vs toys-ar-classic] 250/250  A_wins=104/250
[counter-amber-amethyst vs toys-ar-sidbox] 50/250  A_wins=17/50
[counter-amber-amethyst vs toys-ar-sidbox] 100/250  A_wins=41/100
[counter-amber-amethyst vs toys-ar-sidbox] 150/250  A_wins=59/150
[counter-amber-amethyst vs toys-ar-sidbox] 200/250  A_wins=90/200
[counter-amber-amethyst vs toys-ar-sidbox] 250/250  A_wins=113/250
[counter-amber-emerald vs toys-ar-classic] 50/250  A_wins=5/50
[counter-amber-emerald vs toys-ar-classic] 100/250  A_wins=9/100
[counter-amber-emerald vs toys-ar-classic] 150/250  A_wins=12/150
[counter-amber-emerald vs toys-ar-classic] 200/250  A_wins=14/200
[counter-amber-emerald vs toys-ar-classic] 250/250  A_wins=19/250
[counter-amber-emerald vs toys-ar-sidbox] 50/250  A_wins=10/50
[counter-amber-emerald vs toys-ar-sidbox] 100/250  A_wins=18/100
[counter-amber-emerald vs toys-ar-sidbox] 150/250  A_wins=24/150
[counter-amber-emerald vs toys-ar-sidbox] 200/250  A_wins=35/200
[counter-amber-emerald vs toys-ar-sidbox] 250/250  A_wins=48/250
[counter-amber-ruby vs toys-ar-classic] 50/250  A_wins=3/50
[counter-amber-ruby vs toys-ar-classic] 100/250  A_wins=3/100
[counter-amber-ruby vs toys-ar-classic] 150/250  A_wins=7/150
[counter-amber-ruby vs toys-ar-classic] 200/250  A_wins=10/200
[counter-amber-ruby vs toys-ar-classic] 250/250  A_wins=17/250
[counter-amber-ruby vs toys-ar-sidbox] 50/250  A_wins=4/50
[counter-amber-ruby vs toys-ar-sidbox] 100/250  A_wins=8/100
[counter-amber-ruby vs toys-ar-sidbox] 150/250  A_wins=12/150
[counter-amber-ruby vs toys-ar-sidbox] 200/250  A_wins=16/200
[counter-amber-ruby vs toys-ar-sidbox] 250/250  A_wins=26/250
[counter-amber-steel vs toys-ar-classic] 50/250  A_wins=3/50
[counter-amber-steel vs toys-ar-classic] 100/250  A_wins=7/100
[counter-amber-steel vs toys-ar-classic] 150/250  A_wins=7/150
[counter-amber-steel vs toys-ar-classic] 200/250  A_wins=7/200
[counter-amber-steel vs toys-ar-classic] 250/250  A_wins=8/250
[counter-amber-steel vs toys-ar-sidbox] 50/250  A_wins=3/50
[counter-amber-steel vs toys-ar-sidbox] 100/250  A_wins=6/100
[counter-amber-steel vs toys-ar-sidbox] 150/250  A_wins=7/150
[counter-amber-steel vs toys-ar-sidbox] 200/250  A_wins=7/200
[counter-amber-steel vs toys-ar-sidbox] 250/250  A_wins=7/250
[counter-amethyst-ruby vs toys-ar-classic] 50/250  A_wins=22/50
[counter-amethyst-ruby vs toys-ar-classic] 100/250  A_wins=37/100
[counter-amethyst-ruby vs toys-ar-classic] 150/250  A_wins=64/150
[counter-amethyst-ruby vs toys-ar-classic] 200/250  A_wins=80/200
[counter-amethyst-ruby vs toys-ar-classic] 250/250  A_wins=103/250
[counter-amethyst-ruby vs toys-ar-sidbox] 50/250  A_wins=22/50
[counter-amethyst-ruby vs toys-ar-sidbox] 100/250  A_wins=43/100
[counter-amethyst-ruby vs toys-ar-sidbox] 150/250  A_wins=61/150
[counter-amethyst-ruby vs toys-ar-sidbox] 200/250  A_wins=86/200
[counter-amethyst-ruby vs toys-ar-sidbox] 250/250  A_wins=111/250
[counter-amethyst-sapphire vs toys-ar-classic] 50/250  A_wins=6/50
[counter-amethyst-sapphire vs toys-ar-classic] 100/250  A_wins=10/100
[counter-amethyst-sapphire vs toys-ar-classic] 150/250  A_wins=19/150
[counter-amethyst-sapphire vs toys-ar-classic] 200/250  A_wins=29/200
[counter-amethyst-sapphire vs toys-ar-classic] 250/250  A_wins=41/250
[counter-amethyst-sapphire vs toys-ar-sidbox] 50/250  A_wins=13/50
[counter-amethyst-sapphire vs toys-ar-sidbox] 100/250  A_wins=20/100
[counter-amethyst-sapphire vs toys-ar-sidbox] 150/250  A_wins=31/150
[counter-amethyst-sapphire vs toys-ar-sidbox] 200/250  A_wins=45/200
[counter-amethyst-sapphire vs toys-ar-sidbox] 250/250  A_wins=56/250
[counter-emerald-sapphire vs toys-ar-classic] 50/250  A_wins=0/50
[counter-emerald-sapphire vs toys-ar-classic] 100/250  A_wins=0/100
[counter-emerald-sapphire vs toys-ar-classic] 150/250  A_wins=1/150
[counter-emerald-sapphire vs toys-ar-classic] 200/250  A_wins=1/200
[counter-emerald-sapphire vs toys-ar-classic] 250/250  A_wins=1/250
[counter-emerald-sapphire vs toys-ar-sidbox] 50/250  A_wins=1/50
[counter-emerald-sapphire vs toys-ar-sidbox] 100/250  A_wins=1/100
[counter-emerald-sapphire vs toys-ar-sidbox] 150/250  A_wins=2/150
[counter-emerald-sapphire vs toys-ar-sidbox] 200/250  A_wins=2/200
[counter-emerald-sapphire vs toys-ar-sidbox] 250/250  A_wins=2/250
[counter-ruby-steel vs toys-ar-classic] 50/250  A_wins=0/50
[counter-ruby-steel vs toys-ar-classic] 100/250  A_wins=0/100
[counter-ruby-steel vs toys-ar-classic] 150/250  A_wins=0/150
[counter-ruby-steel vs toys-ar-classic] 200/250  A_wins=0/200
[counter-ruby-steel vs toys-ar-classic] 250/250  A_wins=0/250
[counter-ruby-steel vs toys-ar-sidbox] 50/250  A_wins=1/50
[counter-ruby-steel vs toys-ar-sidbox] 100/250  A_wins=1/100
[counter-ruby-steel vs toys-ar-sidbox] 150/250  A_wins=3/150
[counter-ruby-steel vs toys-ar-sidbox] 200/250  A_wins=4/200
[counter-ruby-steel vs toys-ar-sidbox] 250/250  A_wins=4/250
[counter-sapphire-steel vs toys-ar-classic] 50/250  A_wins=0/50
[counter-sapphire-steel vs toys-ar-classic] 100/250  A_wins=0/100
[counter-sapphire-steel vs toys-ar-classic] 150/250  A_wins=0/150
[counter-sapphire-steel vs toys-ar-classic] 200/250  A_wins=0/200
[counter-sapphire-steel vs toys-ar-classic] 250/250  A_wins=0/250
[counter-sapphire-steel vs toys-ar-sidbox] 50/250  A_wins=0/50
[counter-sapphire-steel vs toys-ar-sidbox] 100/250  A_wins=0/100
[counter-sapphire-steel vs toys-ar-sidbox] 150/250  A_wins=0/150
[counter-sapphire-steel vs toys-ar-sidbox] 200/250  A_wins=0/200
[counter-sapphire-steel vs toys-ar-sidbox] 250/250  A_wins=0/250
[bulk-sim] wrote 4500 rows → data/toys-meta/results.jsonl
